// Jest Snapshot v1, https://goo.gl/fbAQLP

exports[`Components Heading should match snapshot 1`] = `
<div>
  <div
    class="title"
  >
    <span
      class="title__back"
    >
      Test
    </span>
    <span
      class="title__front"
    >
      Test
    </span>
  </div>
</div>
`;
